obtv-admin@yt-analyzer:~/cue$ docker compose logs
migrate-1  |
migrate-1  | > @workspace/db@0.0.0 push /app/lib/db
migrate-1  | > drizzle-kit push --config ./drizzle.config.ts
migrate-1  |
migrate-1  | Reading config file '/app/lib/db/drizzle.config.ts'
migrate-1  | Using 'pg' driver for database querying
migrate-1  | [⣷] Pulling schema from database...
[✓] Pulling schema from database...
migrate-1  | [✓] Changes applied
app-1      | [entrypoint] seeding bootstrap admin (admin@obedtv.com)…
db-1       | The files belonging to this database system will be owned by user "postgres".
db-1       | This user must also own the server process.
db-1         |
collabora-1  | Certificate request self-signature ok
collabora-1  | subject=C=DE, ST=BW, L=Stuttgart, O=Dummy Authority, CN=localhost
collabora-1  | wsd-00001-00001 2026-05-24 19:10:31.537764 +0000 [ coolwsd ] INF  Initializing wsd. Local time: Sun 2026-05-24 19:10:31 +0000. Log level is [8]| common/Log.cpp:656
db-1         | The database cluster will be initialized with locale "en_US.utf8".
collabora-1  | wsd-00001-00001 2026-05-24 19:10:31.537810 +0000 [ coolwsd ] INF  Setting log-level to [trace] and delaying setting to [warning] until after WSD initialization.| wsd/COOLWSD.cpp:1592
db-1         | The default database encoding has accordingly been set to "UTF8".
db-1         | The default text search configuration will be set to "english".
db-1         |
app-1        | ✓ Created admin account admin@obedtv.com (id=1).
app-1        | {"level":30,"time":1779649846040,"pid":1,"hostname":"85e200628f31","port":5000,"msg":"Server listening"}
app-1        | {"level":30,"time":1779649874398,"pid":1,"hostname":"85e200628f31","req":{"id":1,"method":"GET","url":"/api/healthz"},"res":{"statusCode":200},"responseTime":11,"msg":"request completed"}
app-1        | {"level":30,"time":1779649904460,"pid":1,"hostname":"85e200628f31","req":{"id":2,"method":"GET","url":"/api/healthz"},"res":{"statusCode":200},"responseTime":2,"msg":"request completed"}
app-1        | {"level":30,"time":1779649934522,"pid":1,"hostname":"85e200628f31","req":{"id":3,"method":"GET","url":"/api/healthz"},"res":{"statusCode":200},"responseTime":2,"msg":"request completed"}
app-1        | {"level":30,"time":1779649964587,"pid":1,"hostname":"85e200628f31","req":{"id":4,"method":"GET","url":"/api/healthz"},"res":{"statusCode":200},"responseTime":2,"msg":"request completed"}
app-1        | {"level":30,"time":1779649994649,"pid":1,"hostname":"85e200628f31","req":{"id":5,"method":"GET","url":"/api/healthz"},"res":{"statusCode":200},"responseTime":2,"msg":"request completed"}
app-1        | {"level":30,"time":1779650024711,"pid":1,"hostname":"85e200628f31","req":{"id":6,"method":"GET","url":"/api/healthz"},"res":{"statusCode":200},"responseTime":1,"msg":"request completed"}
app-1        | {"level":30,"time":1779650054772,"pid":1,"hostname":"85e200628f31","req":{"id":7,"method":"GET","url":"/api/healthz"},"res":{"statusCode":200},"responseTime":1,"msg":"request completed"}
collabora-1  | wsd-00001-00001 2026-05-24 19:10:31.537832 +0000 [ coolwsd ] INF  Initializing coolwsd 25.04.9.4 server []. Experimental features are enabled.| wsd/COOLWSD.cpp:1605
collabora-1  | wsd-00001-00001 2026-05-24 19:10:31.546007 +0000 [ coolwsd ] INF  Loaded config file [/etc/coolwsd/coolwsd.xml] (non-default values):
app-1        | {"level":30,"time":1779650084834,"pid":1,"hostname":"85e200628f31","req":{"id":8,"method":"GET","url":"/api/healthz"},"res":{"statusCode":200},"responseTime":1,"msg":"request completed"}
app-1        | {"level":30,"time":1779650114895,"pid":1,"hostname":"85e200628f31","req":{"id":9,"method":"GET","url":"/api/healthz"},"res":{"statusCode":200},"responseTime":1,"msg":"request completed"}
app-1        | {"level":30,"time":1779650144957,"pid":1,"hostname":"85e200628f31","req":{"id":10,"method":"GET","url":"/api/healthz"},"res":{"statusCode":200},"responseTime":2,"msg":"request completed"}
collabora-1  |  admin_console.password: <redacted>
collabora-1  |  admin_console.username: <redacted>
app-1        | {"level":30,"time":1779650175018,"pid":1,"hostname":"85e200628f31","req":{"id":11,"method":"GET","url":"/api/healthz"},"res":{"statusCode":200},"responseTime":1,"msg":"request completed"}
app-1        | {"level":30,"time":1779650205078,"pid":1,"hostname":"85e200628f31","req":{"id":12,"method":"GET","url":"/api/healthz"},"res":{"statusCode":200},"responseTime":1,"msg":"request completed"}
app-1        | {"level":30,"time":1779650235138,"pid":1,"hostname":"85e200628f31","req":{"id":13,"method":"GET","url":"/api/healthz"},"res":{"statusCode":200},"responseTime":1,"msg":"request completed"}
db-1         | Data page checksums are disabled.
db-1         |
collabora-1  |  cache_files.expiry_min: 1000
collabora-1  |  cache_files.path: /opt/cool/cache
collabora-1  |  indirection_endpoint.geolocation_setup.allowed_websocket_origins:
collabora-1  |  logging.anonymize.anonymize_user_data: false
collabora-1  |  logging.color: false
collabora-1  |  logging_ui_cmd.merge_display_end_time: true
collabora-1  |  ssl.ca_file_path: /tmp/ssl/certs/ca/root.crt.pem
collabora-1  |  ssl.cert_file_path: /tmp/ssl/certs/servers/localhost/cert.pem
db-1         | fixing permissions on existing directory /var/lib/postgresql/data ... ok
db-1         | creating subdirectories ... ok
db-1         | selecting dynamic shared memory implementation ... posix
db-1         | selecting default max_connections ... 100
db-1         | selecting default shared_buffers ... 128MB
db-1         | selecting default time zone ... UTC
db-1         | creating configuration files ... ok
db-1         | running bootstrap script ... ok
app-1        | {"level":30,"time":1779650265199,"pid":1,"hostname":"85e200628f31","req":{"id":14,"method":"GET","url":"/api/healthz"},"res":{"statusCode":200},"responseTime":1,"msg":"request completed"}
app-1        | {"level":30,"time":1779650295260,"pid":1,"hostname":"85e200628f31","req":{"id":15,"method":"GET","url":"/api/healthz"},"res":{"statusCode":200},"responseTime":1,"msg":"request completed"}
app-1        | {"level":30,"time":1779650325321,"pid":1,"hostname":"85e200628f31","req":{"id":16,"method":"GET","url":"/api/healthz"},"res":{"statusCode":200},"responseTime":1,"msg":"request completed"}
collabora-1  |  ssl.enable: false
collabora-1  |  ssl.key_file_path: /tmp/ssl/certs/servers/localhost/privkey.pem
collabora-1  |  ssl.termination: true
collabora-1  |  storage.ssl.enable:
collabora-1  | | wsd/COOLWSD.cpp:1614
collabora-1  | wsd-00001-00001 2026-05-24 19:10:31.546052 +0000 [ coolwsd ] INF  Anonymization of user-data is configurable.| wsd/COOLWSD.cpp:1683
db-1         | sh: locale: not found
db-1         | 2026-05-24 19:10:31.233 UTC [35] WARNING:  no usable system locales were found
db-1         | performing post-bootstrap initialization ... ok
db-1         | syncing data to disk ... ok
db-1         |
db-1         |
db-1         | Success. You can now start the database server using:
db-1         |
db-1         |     pg_ctl -D /var/lib/postgresql/data -l logfile start
db-1         |
db-1         | initdb: warning: enabling "trust" authentication for local connections
db-1         | initdb: hint: You can change this by editing pg_hba.conf or using the option -A, or --auth-local and --auth-host, the next time you run initdb.
db-1         | waiting for server to start....2026-05-24 19:10:32.163 UTC [41] LOG:  starting PostgreSQL 16.14 on x86_64-pc-linux-musl, compiled by gcc (Alpine 15.2.0) 15.2.0, 64-bit
app-1        | {"level":30,"time":1779650355383,"pid":1,"hostname":"85e200628f31","req":{"id":17,"method":"GET","url":"/api/healthz"},"res":{"statusCode":200},"responseTime":1,"msg":"request completed"}
app-1        | {"level":30,"time":1779650385446,"pid":1,"hostname":"85e200628f31","req":{"id":18,"method":"GET","url":"/api/healthz"},"res":{"statusCode":200},"responseTime":1,"msg":"request completed"}
db-1         | 2026-05-24 19:10:32.164 UTC [41] LOG:  listening on Unix socket "/var/run/postgresql/.s.PGSQL.5432"
db-1         | 2026-05-24 19:10:32.167 UTC [44] LOG:  database system was shut down at 2026-05-24 19:10:31 UTC
db-1         | 2026-05-24 19:10:32.174 UTC [41] LOG:  database system is ready to accept connections
db-1         |  done
db-1         | server started
db-1         | CREATE DATABASE
db-1         |
db-1         |
app-1        | {"level":30,"time":1779650415509,"pid":1,"hostname":"85e200628f31","req":{"id":19,"method":"GET","url":"/api/healthz"},"res":{"statusCode":200},"responseTime":1,"msg":"request completed"}
app-1        | {"level":30,"time":1779650445570,"pid":1,"hostname":"85e200628f31","req":{"id":20,"method":"GET","url":"/api/healthz"},"res":{"statusCode":200},"responseTime":0,"msg":"request completed"}
app-1        | {"level":30,"time":1779650475633,"pid":1,"hostname":"85e200628f31","req":{"id":21,"method":"GET","url":"/api/healthz"},"res":{"statusCode":200},"responseTime":1,"msg":"request completed"}
app-1        | {"level":30,"time":1779650505693,"pid":1,"hostname":"85e200628f31","req":{"id":22,"method":"GET","url":"/api/healthz"},"res":{"statusCode":200},"responseTime":1,"msg":"request completed"}
app-1        | {"level":30,"time":1779650512351,"pid":1,"hostname":"85e200628f31","req":{"id":23,"method":"GET","url":"/"},"res":{"statusCode":404},"responseTime":3,"msg":"request completed"}
db-1         | /usr/local/bin/docker-entrypoint.sh: ignoring /docker-entrypoint-initdb.d/*
db-1         |
db-1         | waiting for server to shut down....2026-05-24 19:10:32.325 UTC [41] LOG:  received fast shutdown request
db-1         | 2026-05-24 19:10:32.326 UTC [41] LOG:  aborting any active transactions
db-1         | 2026-05-24 19:10:32.330 UTC [41] LOG:  background worker "logical replication launcher" (PID 47) exited with exit code 1
db-1         | 2026-05-24 19:10:32.330 UTC [42] LOG:  shutting down
db-1         | 2026-05-24 19:10:32.331 UTC [42] LOG:  checkpoint starting: shutdown immediate
collabora-1  | wsd-00001-00001 2026-05-24 19:10:31.546215 +0000 [ coolwsd ] INF  Anonymization of user-data is disabled.| wsd/COOLWSD.cpp:1730
collabora-1  | wsd-00001-00001 2026-05-24 19:10:31.546258 +0000 [ coolwsd ] INF  SSL support: SSL is disabled.| wsd/COOLWSD.cpp:1777
db-1         | 2026-05-24 19:10:32.367 UTC [42] LOG:  checkpoint complete: wrote 926 buffers (5.7%); 0 WAL file(s) added, 0 removed, 0 recycled; write=0.021 s, sync=0.014 s, total=0.038 s; sync files=301, longest=0.001 s, average=0.001 s; distance=4272 kB, estimate=4272 kB; lsn=0/191E938, redo lsn=0/191E938
db-1         | 2026-05-24 19:10:32.378 UTC [41] LOG:  database system is shut down
db-1         |  done
db-1         | server stopped
db-1         |
db-1         | PostgreSQL init process complete; ready for start up.
db-1         |
db-1         | 2026-05-24 19:10:32.458 UTC [1] LOG:  starting PostgreSQL 16.14 on x86_64-pc-linux-musl, compiled by gcc (Alpine 15.2.0) 15.2.0, 64-bit
db-1         | 2026-05-24 19:10:32.459 UTC [1] LOG:  listening on IPv4 address "0.0.0.0", port 5432
collabora-1  | wsd-00001-00001 2026-05-24 19:10:31.546264 +0000 [ coolwsd ] INF  SSL support: termination is enabled.| wsd/COOLWSD.cpp:1778
collabora-1  | wsd-00001-00001 2026-05-24 19:10:31.546277 +0000 [ coolwsd ] DBG  Setting envar PDFIMPORT_RESOLUTION_DPI=96 per config per_document.pdf_resolution_dpi| wsd/COOLWSD.cpp:1802
collabora-1  | wsd-00001-00001 2026-05-24 19:10:31.546318 +0000 [ coolwsd ] DBG  Normalizing childroot: /opt/cool/child-roots/1-b0c489cd/| wsd/COOLWSD.cpp:1844
collabora-1  | wsd-00001-00001 2026-05-24 19:10:31.546333 +0000 [ coolwsd ] DBG  Childroot: /opt/cool/child-roots/1-b0c489cd/| wsd/COOLWSD.cpp:1846
collabora-1  | wsd-00001-00001 2026-05-24 19:10:31.550850 +0000 [ coolwsd ] INF  Creating childroot: [/opt/cool/child-roots/1-b0c489cd/] with mount-namespaces| wsd/COOLWSD.cpp:1904
collabora-1  | wsd-00020-00001 2026-05-24 19:10:31.551871 +0000 [ coolwsd ] DBG  Test moving into user namespace as uid 0 in level 2 child| wsd/COOLWSD.cpp:1260
collabora-1  | wsd-00020-00001 2026-05-24 19:10:31.552087 +0000 [ coolwsd ] ERR  enterMountingNS, CLONE_NEWUSER unshare failed (EPERM: Operation not permitted)| common/JailUtil.cpp:73
collabora-1  | wsd-00019-00001 2026-05-24 19:10:31.552473 +0000 [ coolwsd ] DBG  testMountingNSInFork status: 0| wsd/COOLWSD.cpp:1292
collabora-1  | wsd-00019-00001 2026-05-24 19:10:31.552599 +0000 [ coolwsd ] DBG  Move into user namespace as uid 0| wsd/COOLWSD.cpp:1324
collabora-1  | wsd-00019-00001 2026-05-24 19:10:31.552605 +0000 [ coolwsd ] ERR  creating usernamespace for mount user failed.| wsd/COOLWSD.cpp:1328
collabora-1  | wsd-00019-00001 2026-05-24 19:10:31.552639 +0000 [ coolwsd ] INF  Cleaning up childroot directory [/opt/cool/child-roots/].| common/JailUtil.cpp:357
collabora-1  | wsd-00019-00001 2026-05-24 19:10:31.552833 +0000 [ coolwsd ] DBG  Removing [/opt/cool/child-roots/tmp] recursively.| common/FileUtil-unix.cpp:112
collabora-1  | wsd-00019-00001 2026-05-24 19:10:31.552861 +0000 [ coolwsd ] DBG  Removing [/opt/cool/child-roots/linkable] recursively.| common/FileUtil-unix.cpp:112
collabora-1  | wsd-00019-00001 2026-05-24 19:10:31.552894 +0000 [ coolwsd ] DBG  Unmounting [/opt/cool/child-roots/]| common/JailUtil.cpp:207
collabora-1  | sh: 1: /usr/bin/coolmount: Operation not permitted
collabora-1  | wsd-00019-00001 2026-05-24 19:10:31.552929 +0000 [ coolwsd ] TRC  Executing coolmount command: /usr/bin/coolmount -u -s /opt/cool/child-roots| common/JailUtil.cpp:154
collabora-1  | wsd-00019-00001 2026-05-24 19:10:31.554102 +0000 [ coolwsd ] DBG  Failed to unmount [/opt/cool/child-roots/]| common/JailUtil.cpp:220
db-1         | 2026-05-24 19:10:32.459 UTC [1] LOG:  listening on IPv6 address "::", port 5432
db-1         | 2026-05-24 19:10:32.460 UTC [1] LOG:  listening on Unix socket "/var/run/postgresql/.s.PGSQL.5432"
db-1         | 2026-05-24 19:10:32.463 UTC [57] LOG:  database system was shut down at 2026-05-24 19:10:32 UTC
db-1         | 2026-05-24 19:10:32.470 UTC [1] LOG:  database system is ready to accept connections
db-1         | 2026-05-24 19:15:32.495 UTC [55] LOG:  checkpoint starting: time
db-1         | 2026-05-24 19:15:50.151 UTC [55] LOG:  checkpoint complete: wrote 179 buffers (1.1%); 0 WAL file(s) added, 0 removed, 0 recycled; write=17.646 s, sync=0.008 s, total=17.657 s; sync files=130, longest=0.001 s, average=0.001 s; distance=913 kB, estimate=913 kB; lsn=0/1A030E0, redo lsn=0/1A030A8
collabora-1  | wsd-00019-00001 2026-05-24 19:10:31.554122 +0000 [ coolwsd ] DBG  Removing empty directories at [/opt/cool/child-roots/] recursively| common/FileUtil-unix.cpp:156
collabora-1  | wsd-00019-00001 2026-05-24 19:10:31.554370 +0000 [ coolwsd ] INF  Cleaning up childroot directory [/opt/cool/child-roots/1-b0c489cd/].| common/JailUtil.cpp:357
collabora-1  | wsd-00019-00001 2026-05-24 19:10:31.554397 +0000 [ coolwsd ] TRC  Directory [/opt/cool/child-roots/1-b0c489cd/] is not a jail directory or doesn't exist.| common/JailUtil.cpp:362
collabora-1  | wsd-00019-00001 2026-05-24 19:10:31.554405 +0000 [ coolwsd ] INF  Creating jail path (if missing): /opt/cool/child-roots/1-b0c489cd//tmp/incoming/fonts| common/JailUtil.cpp:440
collabora-1  | wsd-00019-00001 2026-05-24 19:10:31.554669 +0000 [ coolwsd ] INF  Creating jail path (if missing): /opt/cool/child-roots/1-b0c489cd//tmp/sharedpresets| common/JailUtil.cpp:440
collabora-1  | sh: 1: /usr/bin/coolmount: Operation not permitted
collabora-1  | wsd-00019-00001 2026-05-24 19:10:31.554759 +0000 [ coolwsd ] DBG  Mounting [/opt/cool/systemplate] -> [/opt/cool/child-roots/1-b0c489cd/cool_test_mount]| common/JailUtil.cpp:161
collabora-1  | wsd-00019-00001 2026-05-24 19:10:31.554819 +0000 [ coolwsd ] TRC  Executing coolmount command: /usr/bin/coolmount -b /opt/cool/systemplate /opt/cool/child-roots/1-b0c489cd/cool_test_mount| common/JailUtil.cpp:154
collabora-1  | wsd-00019-00001 2026-05-24 19:10:31.555908 +0000 [ coolwsd ] ERR  Failed to bind-mount [/opt/cool/systemplate] -> [/opt/cool/child-roots/1-b0c489cd/cool_test_mount]| common/JailUtil.cpp:169
collabora-1  | wsd-00019-00001 2026-05-24 19:10:31.555932 +0000 [ coolwsd ] ERR  Bind-Mounting fails and will be disabled for this run. To disable permanently set mount_jail_tree config entry in coolwsd.xml to false.| common/JailUtil.cpp:475
collabora-1  | wsd-00001-00001 2026-05-24 19:10:31.556412 +0000 [ coolwsd ] DBG  setupChildRoot status: 0| wsd/COOLWSD.cpp:1366
collabora-1  | wsd-00001-00001 2026-05-24 19:10:31.556444 +0000 [ coolwsd ] INF  Using Bind Mounting: false| wsd/COOLWSD.cpp:1368
collabora-1  | wsd-00001-00001 2026-05-24 19:10:31.556456 +0000 [ coolwsd ] INF  Using Mount Namespaces: false| wsd/COOLWSD.cpp:1370
collabora-1  | wsd-00001-00001 2026-05-24 19:10:31.556494 +0000 [ coolwsd ] DBG  FileServerRoot before config: | wsd/COOLWSD.cpp:1908
collabora-1  | wsd-00001-00001 2026-05-24 19:10:31.556523 +0000 [ coolwsd ] DBG  FileServerRoot after config: /usr/share/coolwsd| wsd/COOLWSD.cpp:1910
collabora-1  | wsd-00001-00001 2026-05-24 19:10:31.556556 +0000 [ coolwsd ] INF  Quarantine is disabled in config| wsd/COOLWSD.cpp:1937
collabora-1  | wsd-00001-00001 2026-05-24 19:10:31.556566 +0000 [ coolwsd ] INF  Cache path is set to [/opt/cool/cache] in config| wsd/COOLWSD.cpp:1943
collabora-1  | wsd-00001-00001 2026-05-24 19:10:31.556572 +0000 [ coolwsd ] TRC  Creating cache directory [/opt/cool/cache]| wsd/COOLWSD.cpp:1953
collabora-1  | wsd-00001-00001 2026-05-24 19:10:31.556606 +0000 [ coolwsd ] DBG  Created cache directory [/opt/cool/cache]| wsd/COOLWSD.cpp:1956
collabora-1  | wsd-00001-00001 2026-05-24 19:10:31.556649 +0000 [ coolwsd ] INF  Initializing Cache at [/opt/cool/cache]| wsd/CacheUtil.cpp:41
collabora-1  | wsd-00001-00001 2026-05-24 19:10:31.556719 +0000 [ coolwsd ] INF  NumPreSpawnedChildren set to 4.| wsd/COOLWSD.cpp:1974
collabora-1  | wsd-00001-00001 2026-05-24 19:10:31.556732 +0000 [ coolwsd ] INF  Registering filesystem for space checks: [/opt/cool/child-roots/1-b0c489cd/.]| common/FileUtil.cpp:384
collabora-1  | wsd-00001-00001 2026-05-24 19:10:31.556799 +0000 [ coolwsd ] INF  MAX_CONCURRENCY set to 4.| wsd/COOLWSD.cpp:1998
collabora-1  | wsd-00001-00001 2026-05-24 19:10:31.556826 +0000 [ coolwsd ] INF  DISABLE_REDLINE set| wsd/COOLWSD.cpp:2017
collabora-1  | wsd-00001-00001 2026-05-24 19:10:31.556852 +0000 [ coolwsd ] DBG  net::Defaults: Socket[inactivityTimeout 3600000000us, maxExtConnections 200000]| wsd/COOLWSD.cpp:2050
collabora-1  | wsd-00001-00001 2026-05-24 19:10:31.556936 +0000 [ coolwsd ] INF  Maximum file descriptor supported by the system: 1048575| wsd/COOLWSD.cpp:2161
collabora-1  | wsd-00001-00001 2026-05-24 19:10:31.556943 +0000 [ coolwsd ] INF  Maximum number of open documents supported by the system: 262136| wsd/COOLWSD.cpp:2164
collabora-1  | wsd-00001-00001 2026-05-24 19:10:31.556958 +0000 [ coolwsd ] INF  Maximum concurrent open Documents limit: 1000000| wsd/COOLWSD.cpp:2167
collabora-1  | wsd-00001-00001 2026-05-24 19:10:31.556964 +0000 [ coolwsd ] INF  Maximum concurrent client Connections limit: 1000000| wsd/COOLWSD.cpp:2168
collabora-1  | wsd-00001-00001 2026-05-24 19:10:31.556991 +0000 [ coolwsd ] INF  Adding trusted LOK_ALLOW host: [192\.168\.[0-9]{1,3}\.[0-9]{1,3}]| wsd/COOLWSD.cpp:199
collabora-1  | wsd-00001-00001 2026-05-24 19:10:31.557006 +0000 [ coolwsd ] INF  Adding trusted LOK_ALLOW host: [::ffff:192\.168\.[0-9]{1,3}\.[0-9]{1,3}]| wsd/COOLWSD.cpp:199
collabora-1  | wsd-00001-00001 2026-05-24 19:10:31.557031 +0000 [ coolwsd ] INF  Adding trusted LOK_ALLOW host: [127\.0\.0\.1]| wsd/COOLWSD.cpp:199
collabora-1  | wsd-00001-00001 2026-05-24 19:10:31.557049 +0000 [ coolwsd ] INF  Adding trusted LOK_ALLOW host: [::ffff:127\.0\.0\.1]| wsd/COOLWSD.cpp:199
collabora-1  | wsd-00001-00001 2026-05-24 19:10:31.557064 +0000 [ coolwsd ] INF  Adding trusted LOK_ALLOW host: [::1]| wsd/COOLWSD.cpp:199
collabora-1  | wsd-00001-00001 2026-05-24 19:10:31.557080 +0000 [ coolwsd ] INF  Adding trusted LOK_ALLOW host: [172\.1[6789]\.[0-9]{1,3}\.[0-9]{1,3}]| wsd/COOLWSD.cpp:199
collabora-1  | wsd-00001-00001 2026-05-24 19:10:31.557104 +0000 [ coolwsd ] INF  Adding trusted LOK_ALLOW host: [::ffff:172\.1[6789]\.[0-9]{1,3}\.[0-9]{1,3}]| wsd/COOLWSD.cpp:199
collabora-1  | wsd-00001-00001 2026-05-24 19:10:31.557120 +0000 [ coolwsd ] INF  Adding trusted LOK_ALLOW host: [172\.2[0-9]\.[0-9]{1,3}\.[0-9]{1,3}]| wsd/COOLWSD.cpp:199
collabora-1  | wsd-00001-00001 2026-05-24 19:10:31.557135 +0000 [ coolwsd ] INF  Adding trusted LOK_ALLOW host: [::ffff:172\.2[0-9]\.[0-9]{1,3}\.[0-9]{1,3}]| wsd/COOLWSD.cpp:199
collabora-1  | wsd-00001-00001 2026-05-24 19:10:31.557151 +0000 [ coolwsd ] INF  Adding trusted LOK_ALLOW host: [172\.3[01]\.[0-9]{1,3}\.[0-9]{1,3}]| wsd/COOLWSD.cpp:199
collabora-1  | wsd-00001-00001 2026-05-24 19:10:31.557177 +0000 [ coolwsd ] INF  Adding trusted LOK_ALLOW host: [::ffff:172\.3[01]\.[0-9]{1,3}\.[0-9]{1,3}]| wsd/COOLWSD.cpp:199
collabora-1  | wsd-00001-00001 2026-05-24 19:10:31.557203 +0000 [ coolwsd ] INF  Adding trusted LOK_ALLOW host: [10\.[0-9]{1,3}\.[0-9]{1,3}\.[0-9]{1,3}]| wsd/COOLWSD.cpp:199
collabora-1  | wsd-00001-00001 2026-05-24 19:10:31.557220 +0000 [ coolwsd ] INF  Adding trusted LOK_ALLOW host: [::ffff:10\.[0-9]{1,3}\.[0-9]{1,3}\.[0-9]{1,3}]| wsd/COOLWSD.cpp:199
collabora-1  | wsd-00001-00001 2026-05-24 19:10:31.557236 +0000 [ coolwsd ] INF  Adding trusted LOK_ALLOW host: [localhost]| wsd/COOLWSD.cpp:199
collabora-1  | wsd-00001-00001 2026-05-24 19:10:31.557271 +0000 [ coolwsd ] INF  Adding trusted LOK_ALLOW host: [192\.168\.[0-9]{1,3}\.[0-9]{1,3}]| wsd/COOLWSD.cpp:199
collabora-1  | wsd-00001-00001 2026-05-24 19:10:31.557285 +0000 [ coolwsd ] INF  Adding trusted LOK_ALLOW host: [::ffff:192\.168\.[0-9]{1,3}\.[0-9]{1,3}]| wsd/COOLWSD.cpp:199
collabora-1  | wsd-00001-00001 2026-05-24 19:10:31.557300 +0000 [ coolwsd ] INF  Adding trusted LOK_ALLOW host: [127\.0\.0\.1]| wsd/COOLWSD.cpp:199
collabora-1  | wsd-00001-00001 2026-05-24 19:10:31.557315 +0000 [ coolwsd ] INF  Adding trusted LOK_ALLOW host: [::ffff:127\.0\.0\.1]| wsd/COOLWSD.cpp:199
collabora-1  | wsd-00001-00001 2026-05-24 19:10:31.557339 +0000 [ coolwsd ] INF  Adding trusted LOK_ALLOW host: [::1]| wsd/COOLWSD.cpp:199
collabora-1  | wsd-00001-00001 2026-05-24 19:10:31.557354 +0000 [ coolwsd ] INF  Adding trusted LOK_ALLOW host: [172\.1[6789]\.[0-9]{1,3}\.[0-9]{1,3}]| wsd/COOLWSD.cpp:199
collabora-1  | wsd-00001-00001 2026-05-24 19:10:31.557369 +0000 [ coolwsd ] INF  Adding trusted LOK_ALLOW host: [::ffff:172\.1[6789]\.[0-9]{1,3}\.[0-9]{1,3}]| wsd/COOLWSD.cpp:199
collabora-1  | wsd-00001-00001 2026-05-24 19:10:31.557384 +0000 [ coolwsd ] INF  Adding trusted LOK_ALLOW host: [172\.2[0-9]\.[0-9]{1,3}\.[0-9]{1,3}]| wsd/COOLWSD.cpp:199
collabora-1  | wsd-00001-00001 2026-05-24 19:10:31.557409 +0000 [ coolwsd ] INF  Adding trusted LOK_ALLOW host: [::ffff:172\.2[0-9]\.[0-9]{1,3}\.[0-9]{1,3}]| wsd/COOLWSD.cpp:199
collabora-1  | wsd-00001-00001 2026-05-24 19:10:31.557425 +0000 [ coolwsd ] INF  Adding trusted LOK_ALLOW host: [172\.3[01]\.[0-9]{1,3}\.[0-9]{1,3}]| wsd/COOLWSD.cpp:199
collabora-1  | wsd-00001-00001 2026-05-24 19:10:31.557441 +0000 [ coolwsd ] INF  Adding trusted LOK_ALLOW host: [::ffff:172\.3[01]\.[0-9]{1,3}\.[0-9]{1,3}]| wsd/COOLWSD.cpp:199
collabora-1  | wsd-00001-00001 2026-05-24 19:10:31.557457 +0000 [ coolwsd ] INF  Adding trusted LOK_ALLOW host: [10\.[0-9]{1,3}\.[0-9]{1,3}\.[0-9]{1,3}]| wsd/COOLWSD.cpp:199
collabora-1  | wsd-00001-00001 2026-05-24 19:10:31.557495 +0000 [ coolwsd ] INF  Adding trusted LOK_ALLOW host: [::ffff:10\.[0-9]{1,3}\.[0-9]{1,3}\.[0-9]{1,3}]| wsd/COOLWSD.cpp:199
collabora-1  | wsd-00001-00001 2026-05-24 19:10:31.557523 +0000 [ coolwsd ] INF  Adding trusted LOK_ALLOW host: [app]| wsd/COOLWSD.cpp:252
collabora-1  | wsd-00001-00001 2026-05-24 19:10:31.569218 +0000 [ coolwsd ] TRC  Initialize FileServerRequestHandler| wsd/COOLWSD.cpp:2206
collabora-1  | wsd-00001-00001 2026-05-24 19:10:31.569228 +0000 [ coolwsd ] DBG  Caching files in [/usr/share/coolwsd/browser/dist]| wsd/FileServer.cpp:1288
collabora-1  | wsd-00001-00001 2026-05-24 19:10:31.569309 +0000 [ coolwsd ] DBG  Caching files in [/usr/share/coolwsd/browser/dist/admin]| wsd/FileServer.cpp:1288
collabora-1  | wsd-00001-00001 2026-05-24 19:10:31.570211 +0000 [ coolwsd ] DBG  Caching files in [/usr/share/coolwsd/browser/dist/admin/font]| wsd/FileServer.cpp:1288
collabora-1  | wsd-00001-00001 2026-05-24 19:10:31.583688 +0000 [ coolwsd ] TRC  Pre-read 2 file(s) from directory: /usr/share/coolwsd/browser/dist/admin/font: Montserrat-Regular.ttf OFL.txt | wsd/FileServer.cpp:1429
collabora-1  | wsd-00001-00001 2026-05-24 19:10:31.583716 +0000 [ coolwsd ] DBG  Caching files in [/usr/share/coolwsd/browser/dist/admin/images]| wsd/FileServer.cpp:1288
collabora-1  | wsd-00001-00001 2026-05-24 19:10:31.584129 +0000 [ coolwsd ] TRC  Pre-read 2 file(s) from directory: /usr/share/coolwsd/browser/dist/admin/images: Notebookbar.svg Compact.svg | wsd/FileServer.cpp:1429
collabora-1  | wsd-00001-00001 2026-05-24 19:10:31.584321 +0000 [ coolwsd ] DBG  Caching files in [/usr/share/coolwsd/browser/dist/admin/css]| wsd/FileServer.cpp:1288
collabora-1  | wsd-00001-00001 2026-05-24 19:10:31.589253 +0000 [ coolwsd ] TRC  Pre-read 3 file(s) from directory: /usr/share/coolwsd/browser/dist/admin/css: bulma.min.css adminIntegratorSettings.css admin.css | wsd/FileServer.cpp:1429
collabora-1  | wsd-00001-00001 2026-05-24 19:10:31.589762 +0000 [ coolwsd ] TRC  Pre-read 11 file(s) from directory: /usr/share/coolwsd/browser/dist/admin: adminSettings.html adminClusterOverviewAbout.html adminHistory.html adminLog.html admintemplate.html adminBody.html admin.html adminIntegratorSettings.html adminClusterOverview.html adminClusterBody.html adminAnalytics.html | wsd/FileServer.cpp:1429
collabora-1  | wsd-00001-00001 2026-05-24 19:10:31.591053 +0000 [ coolwsd ] DBG  Caching files in [/usr/share/coolwsd/browser/dist/src]| wsd/FileServer.cpp:1288
collabora-1  | wsd-00001-00001 2026-05-24 19:10:31.591110 +0000 [ coolwsd ] DBG  Caching files in [/usr/share/coolwsd/browser/dist/src/layer]| wsd/FileServer.cpp:1288
collabora-1  | wsd-00001-00001 2026-05-24 19:10:31.591154 +0000 [ coolwsd ] DBG  Caching files in [/usr/share/coolwsd/browser/dist/src/layer/tile]| wsd/FileServer.cpp:1288
collabora-1  | wsd-00001-00001 2026-05-24 19:10:31.591544 +0000 [ coolwsd ] TRC  Pre-read 1 file(s) from directory: /usr/share/coolwsd/browser/dist/src/layer/tile: CanvasTileUtils.js | wsd/FileServer.cpp:1429
collabora-1  | wsd-00001-00001 2026-05-24 19:10:31.591575 +0000 [ coolwsd ] DBG  Caching files in [/usr/share/coolwsd/browser/dist/src/app]| wsd/FileServer.cpp:1288
collabora-1  | wsd-00001-00001 2026-05-24 19:10:31.592061 +0000 [ coolwsd ] TRC  Pre-read 1 file(s) from directory: /usr/share/coolwsd/browser/dist/src/app: TaskWorker.js | wsd/FileServer.cpp:1429
collabora-1  | wsd-00001-00001 2026-05-24 19:10:31.606806 +0000 [ coolwsd ] DBG  Caching files in [/usr/share/coolwsd/browser/dist/nextcloud]| wsd/FileServer.cpp:1288
collabora-1  | wsd-00001-00001 2026-05-24 19:10:31.609171 +0000 [ coolwsd ] DBG  Caching files in [/usr/share/coolwsd/browser/dist/nextcloud/images]| wsd/FileServer.cpp:1288
collabora-1  | wsd-00001-00001 2026-05-24 19:10:31.612161 +0000 [ coolwsd ] DBG  Caching files in [/usr/share/coolwsd/browser/dist/nextcloud/images/es]| wsd/FileServer.cpp:1288
collabora-1  | wsd-00001-00001 2026-05-24 19:10:31.612901 +0000 [ coolwsd ] TRC  Pre-read 7 file(s) from directory: /usr/share/coolwsd/browser/dist/nextcloud/images/es: lc_italic.svg sc_underline.svg lc_bold.svg sc_italic.svg lc_underline.svg lc_strikeout.svg sc_bold.svg | wsd/FileServer.cpp:1429
collabora-1  | wsd-00001-00001 2026-05-24 19:10:31.630048 +0000 [ coolwsd ] TRC  Pre-read 139 file(s) from directory: /usr/share/coolwsd/browser/dist/nextcloud/images: table-column-resize-marker-hover_branding.svg close-widget.svg radio-on-disabled.svg ios_handle_start.svg sidebar-animation-large-checked_branding.svg radio-on-disabled-dark.svg toolbar-bg-unsupported-path-minified.svg lc_firstrecord_branding.svg full-logo-white.svg scroll-double-white.svg x-office-document.svg x-office-presentation_branding.svg lc_defaultnumbering_hover_branding.svg fit-cell_branding.svg lc_saved_branding.svg toolbar-bg-unsupported-path.svg lc_wraptext_branding.svg lc_autosum_branding.svg sidebar-animation-large_branding.svg close-widget-dark.svg edit_branding.svg toolbar-bg-unsupported-font.svg lc_sheetlist_branding.svg closedoc.svg table-row-resize-marker_branding.svg lc_prevrecord_branding.svg sidebar-template-large-checked_branding.svg lc_sidebar_navigator_calc.svg toolbar-bg-logo-dark.svg toolbar-bg-path-minified.svg checkbox-off.svg compact_open-local-editor-dark.svg indentation_marker_down_branding.svg lc_incrementindent_branding.svg rotation-handler.svg x-office-text_branding.svg lc_decrementlevel_branding.svg lc_stylepreviews-scrollup_branding.svg radio-off-dark.svg full-logo.svg lc_sidebar_draw.svg lc_alignblock_branding.svg radio-on.svg lc_searchprev_branding.svg lc_functiondialog_branding.svg lc_uppage_branding.svg lc_underline_es.svg lc_sidebar-transition.svg lc_sidebar-animation.svg plus_branding.svg toolbar-bg-logo-notebookbar.svg lc_numberformatincdecimals_branding.svg lc_saving_branding.svg lc_stylepreviews-scrolldown_branding.svg lc_defaultnumbering_branding.svg table-row-resize-marker-hover_branding.svg x-office-drawing.svg lc_numberformatcurrency_branding.svg user-default.svg menu-share-divider.svg lc_insertpage_branding.svg toolbar-bg-logo.svg lc_menu_formattingmarks_branding.svg ios_handle_end.svg lc_downpage_branding.svg lc_formattedfield_branding.svg lc_closedocmobile_branding.svg text-path_branding.svg lc_alignhorizontalcenter_branding.svg minus_branding.svg lc_numberformatdecimal_branding.svg plus_white_branding.svg lc_sidebar_navigator_draw.svg lc_nextrecord_branding.svg lc_print_branding.svg lc_searchnext_branding.svg lc_alignright_branding.svg lc_sidebar_navigator_impress.svg lc_decrementindent_branding.svg lc_bold_es.svg radio-off-disabled-dark.svg lc_setborderstyle_branding.svg lc_menu_zoomreset_branding.svg x-office-spreadsheet.svg lc_deletepage_branding.svg lc_menu_fullscreen_branding.svg lc_numberformatpercent_branding.svg compact_open-local-editor.svg lc_numberformatdecdecimals_branding.svg lc_backgroundcolor_branding.svg lc_inserttable_clarodrive.svg lc_sidebar_writer.svg scroll-double-dark.svg x-office-drawing_branding.svg x-office-spreadsheet_branding.svg lc_fullscreen_branding.svg toolbar-bg-font.svg radio-on-dark.svg lc_fontcolor.svg lc_strikeout_es.svg lc_ellipse_branding.svg lc_defaultbullet_branding.svg sidebar-transition-large-checked_branding.svg table-column-resize-marker_branding.svg lc_sidebar_impress.svg lc_inserthyperlink_branding.svg closedoc-dark_branding.svg menu-share.svg lc_sidebar_masterslide.svg lc_duplicatepage_branding.svg radio-off.svg lc_sidebar_calc.svg compact_setborderstyle_branding.svg lc_savemodified_branding.svg sidebar-template-large_branding.svg lc_alignleft_branding.svg lc_resetattributes_branding.svg lc_color_branding.svg close-widget-hover.svg indentation_marker_up_branding.svg lc_save_branding.svg lc_cancel_branding.svg toolbar-bg-path.svg sidebar-transition-large_branding.svg lc_multipageview_branding.svg open-local-editor.svg x-office-presentation.svg lc_slidechangewindow.svg user-default.png checkbox-on.svg lc_sidebar_navigator_writer.svg checkbox-off-disabled.svg lc_italic_es.svg lc_formatpaintbrush_branding.svg zoomreset_branding.svg sidebar-property-large_branding.svg radio-off-disabled.svg lc_menu_downloadas_pdf_branding.svg checkbox-on-disabled.svg | wsd/FileServer.cpp:1429
collabora-1  | wsd-00001-00001 2026-05-24 19:10:31.632624 +0000 [ coolwsd ] TRC  Pre-read 5 file(s) from directory: /usr/share/coolwsd/browser/dist/nextcloud: branding-tablet.css branding-mobile.css branding.js branding-desktop.css branding.css | wsd/FileServer.cpp:1429
collabora-1  | wsd-00001-00001 2026-05-24 19:10:31.632904 +0000 [ coolwsd ] DBG  Caching files in [/usr/share/coolwsd/browser/dist/welcome]| wsd/FileServer.cpp:1288
collabora-1  | wsd-00001-00001 2026-05-24 19:10:31.637882 +0000 [ coolwsd ] TRC  Pre-read 8 file(s) from directory: /usr/share/coolwsd/browser/dist/welcome: slide3.png slide1-right.png welcome.js slide1-center.png welcome.html slide1-left.png slide2.png welcome.css | wsd/FileServer.cpp:1429
collabora-1  | wsd-00001-00001 2026-05-24 19:10:31.640376 +0000 [ coolwsd ] DBG  Caching files in [/usr/share/coolwsd/browser/dist/images]| wsd/FileServer.cpp:1288
collabora-1  | wsd-00001-00001 2026-05-24 19:10:31.643101 +0000 [ coolwsd ] DBG  Caching files in [/usr/share/coolwsd/browser/dist/images/cursors]| wsd/FileServer.cpp:1288
collabora-1  | wsd-00001-00001 2026-05-24 19:10:31.643357 +0000 [ coolwsd ] TRC  Pre-read 2 file(s) from directory: /usr/share/coolwsd/browser/dist/images/cursors: crop.png fill.png | wsd/FileServer.cpp:1429
collabora-1  | wsd-00001-00001 2026-05-24 19:10:31.706203 +0000 [ coolwsd ] DBG  Caching files in [/usr/share/coolwsd/browser/dist/images/help]| wsd/FileServer.cpp:1288
collabora-1  | wsd-00001-00001 2026-05-24 19:10:31.706267 +0000 [ coolwsd ] DBG  Caching files in [/usr/share/coolwsd/browser/dist/images/help/es]| wsd/FileServer.cpp:1288
collabora-1  | wsd-00001-00001 2026-05-24 19:10:31.730557 +0000 [ coolwsd ] TRC  Pre-read 28 file(s) from directory: /usr/share/coolwsd/browser/dist/images/help/es: area-dialog.png manage-changes-filter.png formula-bar.png text-import.png slide-layouts.png comment.png page-style.png thesaurus.png insert-table.png chart.png cell-comment.png chart-wizard.png track-changes-comment.png autofilter.png data-validation.png conditional-formatting.png special-character.png manage-changes.png outlining.png selection-list.png paragraph-dialog.png word-count.png repair-document.png red-wavy-underline.png status-bar.png format-cells.png inactive-document.png information-bar.png | wsd/FileServer.cpp:1429
collabora-1  | wsd-00001-00001 2026-05-24 19:10:31.730606 +0000 [ coolwsd ] DBG  Caching files in [/usr/share/coolwsd/browser/dist/images/help/en]| wsd/FileServer.cpp:1288
collabora-1  | wsd-00001-00001 2026-05-24 19:10:31.753154 +0000 [ coolwsd ] TRC  Pre-read 28 file(s) from directory: /usr/share/coolwsd/browser/dist/images/help/en: area-dialog.png manage-changes-filter.png formula-bar.png text-import.png slide-layouts.png comment.png page-style.png thesaurus.png insert-table.png chart.png cell-comment.png chart-wizard.png track-changes-comment.png autofilter.png data-validation.png conditional-formatting.png special-character.png manage-changes.png outlining.png selection-list.png paragraph-dialog.png word-count.png repair-document.png red-wavy-underline.png status-bar.png format-cells.png inactive-document.png information-bar.png | wsd/FileServer.cpp:1429
collabora-1  | wsd-00001-00001 2026-05-24 19:10:31.753202 +0000 [ coolwsd ] DBG  Caching files in [/usr/share/coolwsd/browser/dist/images/help/de]| wsd/FileServer.cpp:1288
collabora-1  | wsd-00001-00001 2026-05-24 19:10:31.776641 +0000 [ coolwsd ] TRC  Pre-read 28 file(s) from directory: /usr/share/coolwsd/browser/dist/images/help/de: area-dialog.png manage-changes-filter.png formula-bar.png text-import.png slide-layouts.png comment.png page-style.png thesaurus.png insert-table.png chart.png cell-comment.png chart-wizard.png track-changes-comment.png autofilter.png data-validation.png conditional-formatting.png special-character.png manage-changes.png outlining.png selection-list.png paragraph-dialog.png word-count.png repair-document.png red-wavy-underline.png status-bar.png format-cells.png inactive-document.png information-bar.png | wsd/FileServer.cpp:1429
collabora-1  | wsd-00001-00001 2026-05-24 19:10:31.776684 +0000 [ coolwsd ] DBG  Caching files in [/usr/share/coolwsd/browser/dist/images/help/pt-BR]| wsd/FileServer.cpp:1288
collabora-1  | wsd-00001-00001 2026-05-24 19:10:31.800459 +0000 [ coolwsd ] TRC  Pre-read 28 file(s) from directory: /usr/share/coolwsd/browser/dist/images/help/pt-BR: area-dialog.png manage-changes-filter.png formula-bar.png text-import.png slide-layouts.png comment.png page-style.png thesaurus.png insert-table.png chart.png cell-comment.png chart-wizard.png track-changes-comment.png autofilter.png data-validation.png conditional-formatting.png special-character.png manage-changes.png outlining.png selection-list.png paragraph-dialog.png word-count.png repair-document.png red-wavy-underline.png status-bar.png format-cells.png inactive-document.png information-bar.png | wsd/FileServer.cpp:1429
collabora-1  | wsd-00001-00001 2026-05-24 19:10:31.800501 +0000 [ coolwsd ] DBG  Caching files in [/usr/share/coolwsd/browser/dist/images/help/fr]| wsd/FileServer.cpp:1288
collabora-1  | wsd-00001-00001 2026-05-24 19:10:31.823065 +0000 [ coolwsd ] TRC  Pre-read 28 file(s) from directory: /usr/share/coolwsd/browser/dist/images/help/fr: area-dialog.png manage-changes-filter.png formula-bar.png text-import.png slide-layouts.png comment.png page-style.png thesaurus.png insert-table.png chart.png cell-comment.png chart-wizard.png track-changes-comment.png autofilter.png data-validation.png conditional-formatting.png special-character.png manage-changes.png outlining.png selection-list.png paragraph-dialog.png word-count.png repair-document.png red-wavy-underline.png status-bar.png format-cells.png inactive-document.png information-bar.png | wsd/FileServer.cpp:1429
collabora-1  | wsd-00001-00001 2026-05-24 19:10:31.823107 +0000 [ coolwsd ] DBG  Caching files in [/usr/share/coolwsd/browser/dist/images/help/it]| wsd/FileServer.cpp:1288
collabora-1  | wsd-00001-00001 2026-05-24 19:10:31.845785 +0000 [ coolwsd ] TRC  Pre-read 28 file(s) from directory: /usr/share/coolwsd/browser/dist/images/help/it: area-dialog.png manage-changes-filter.png formula-bar.png text-import.png slide-layouts.png track-changes.png comment.png page-style.png thesaurus.png insert-table.png chart.png cell-comment.png chart-wizard.png autofilter.png data-validation.png conditional-formatting.png special-character.png manage-changes.png outlining.png selection-list.png paragraph-dialog.png word-count.png repair-document.png red-wavy-underline.png status-bar.png format-cells.png inactive-document.png information-bar.png | wsd/FileServer.cpp:1429
collabora-1  | wsd-00001-00001 2026-05-24 19:10:31.866777 +0000 [ coolwsd ] DBG  Caching files in [/usr/share/coolwsd/browser/dist/images/dark]| wsd/FileServer.cpp:1288
